FROM menedev/testimagea:1@sha256:1e2b1cc7d366650a93620ca3cc8691338ed600ababf90a0e5803e1ee32486624
FROM menedev/testimagea:1.0@sha256:c274d9cb8b2f86eb7b4032472343c897e89e6b9847ef97d2eea7b163f1d3d44b
FROM menedev/testimagea:1.0.0@sha256:f38b0ff2a0f305cb449770b5ce7aa9e2fe0b7343d5dfa5ec1a4906ea34a5eedf
FROM menedev/testimagea:1.0.1@sha256:c274d9cb8b2f86eb7b4032472343c897e89e6b9847ef97d2eea7b163f1d3d44b
FROM menedev/testimagea:1.1.0@sha256:bf1c76c530b01cd531fec09e0aaf894d4d47aa81843ccd3499598f8248920f96
FROM menedev/testimagea:1.1.1@sha256:1e2b1cc7d366650a93620ca3cc8691338ed600ababf90a0e5803e1ee32486624
FROM menedev/testimagea:2@sha256:3d4d88675636f0fdf7899e3d3c6f8d5a9cae768e8b7f38f05505d6a88497e7a1
FROM menedev/testimagea:2.0@sha256:3d4d88675636f0fdf7899e3d3c6f8d5a9cae768e8b7f38f05505d6a88497e7a1
FROM menedev/testimagea:2.0.0@sha256:3d4d88675636f0fdf7899e3d3c6f8d5a9cae768e8b7f38f05505d6a88497e7a1
FROM menedev/testimagea:latest@sha256:3d4d88675636f0fdf7899e3d3c6f8d5a9cae768e8b7f38f05505d6a88497e7a1
FROM menedev/testimagea@sha256:3d4d88675636f0fdf7899e3d3c6f8d5a9cae768e8b7f38f05505d6a88497e7a1

RUN something