# originally untagged
FROM nginx@sha256:31b8e90a349d1fce7621f5a5a08e4fc519b634f7d3feb09d53fac9b12aa4d991
# originally tagged 1.15
FROM nginx:1.15@sha256:31b8e90a349d1fce7621f5a5a08e4fc519b634f7d3feb09d53fac9b12aa4d991
# originally tagged 1
FROM nginx:1@sha256:31b8e90a349d1fce7621f5a5a08e4fc519b634f7d3feb09d53fac9b12aa4d991
# originally tagged 1.15-alpine-perl
FROM nginx:1.15-alpine-perl@sha256:9c632b0423d3ceba7e94a6744a127b694caacb6117238aff033ab6bdc88c1fae

RUN something