FROM menedev/testimagea:1
FROM menedev/testimagea:1.0
FROM menedev/testimagea:1.0.0
FROM menedev/testimagea:1.0.1
FROM menedev/testimagea:1.1.0
FROM menedev/testimagea:1.1.1
FROM menedev/testimagea:2
FROM menedev/testimagea:2.0
FROM menedev/testimagea:2.0.0
FROM menedev/testimagea:latest@sha256:3d4d88675636f0fdf7899e3d3c6f8d5a9cae768e8b7f38f05505d6a88497e7a1
FROM menedev/testimagea@sha256:3d4d88675636f0fdf7899e3d3c6f8d5a9cae768e8b7f38f05505d6a88497e7a1

RUN something