# originally untagged
FROM nginx
# originally tagged 1.15
FROM nginx:1.15
# originally tagged 1
FROM nginx:1
# originally tagged 1.15-alpine-perl
FROM nginx:1.15-alpine-perl

RUN something